# crashlab at
# commit:  72b38f0 (with local changes)
# binaries: target/release
# sharp-sender sha256 72e9e2e07be39b3b
# sharp-receiver sha256 810a44a1a8f6db45
# kernel:  Linux 6.19.2-gentoo-dist
# lazyfs:  commit fa7d32e
# rate 64M, file 48 MiB

file: an uninterrupted transfer takes 6.5 s on LazyFS
tree: an uninterrupted transfer takes 4.8 s on LazyFS
  file died before a state file is flushed                     -> kept  (the sender had stopped and was started again; resumed with 15922466 of 50331648 B on disk)
  file died right after a state file is renamed into place     -> kept  (the sender had stopped and was started again; resumed with 32173142 of 50331648 B on disk)
  file died before the partial file is flushed                 -> kept  (the sender had stopped and was started again; resumed with 15935309 of 50331648 B on disk)
  file died before the partial file is renamed into place      -> kept  (the sender had stopped and was started again; resumed with 50331648 of 50331648 B on disk)
  file died right after it is linked into place                -> kept  (the sender had stopped and was started again; resumed with 50331648 of 50331648 B on disk; 2 whole copies under final names)
  tree died before the manifest is flushed                     -> kept  (the sender had stopped and was started again; resumed with 0 of 36260940 B on disk)
  tree died before a file of the tree is flushed               -> kept  (the sender had stopped and was started again; resumed with 15826857 of 36260939 B on disk)
  tree died before the tree is renamed into place              -> kept  (the sender had stopped and was started again; resumed with 36260939 of 36260939 B on disk)
  tree died right after it is renamed into place               -> kept  (the sender had stopped and was started again; 2 whole copies under final names)
at: every promise kept
