# crashlab cut
# commit:  72b38f0 (with local changes)
# binaries: target/release
# sharp-sender sha256 72e9e2e07be39b3b
# sharp-receiver sha256 810a44a1a8f6db45
# kernel:  Linux 6.19.2-gentoo-dist
# lazyfs:  commit fa7d32e
# rate 64M, file 48 MiB

file: an uninterrupted transfer takes 6.5 s on LazyFS
  file       cut at 0.4 s      -> kept
  file       cut at 1.2 s      -> kept
  file       cut at 2.0 s      -> kept
  file       cut at 2.8 s      -> kept  (resumed with 15915331 of 50331648 B on disk)
  file       cut at 3.6 s      -> kept  (resumed with 15928174 of 50331648 B on disk)
  file       cut at 4.5 s      -> kept  (resumed with 32166007 of 50331648 B on disk)
  file       cut at 5.3 s      -> kept  (resumed with 32130332 of 50331648 B on disk)
  file       cut at 6.1 s      -> kept  (resumed with 32173142 of 50331648 B on disk)
  file       cut at verifying  -> kept  (resumed with 50331648 of 50331648 B on disk)
  file       cut at stored     -> kept  (the transfer had already ended)
tree: an uninterrupted transfer takes 4.8 s on LazyFS
  tree       cut at 0.3 s      -> kept  (resumed with 8201 of 36260940 B on disk)
  tree       cut at 0.9 s      -> kept  (resumed with 8201 of 36260940 B on disk)
  tree       cut at 1.5 s      -> kept  (resumed with 8200 of 36260939 B on disk)
  tree       cut at 2.1 s      -> kept  (resumed with 15956714 of 36260939 B on disk)
  tree       cut at 2.7 s      -> kept  (resumed with 15909623 of 36260940 B on disk)
  tree       cut at 3.3 s      -> kept  (resumed with 15928174 of 36260940 B on disk)
  tree       cut at 3.9 s      -> kept  (resumed with 15815441 of 36260940 B on disk)
  tree       cut at 4.5 s      -> kept  (resumed with 31969081 of 36260939 B on disk)
  tree       cut at verifying  -> kept  (resumed with 32021880 of 36260939 B on disk)
  tree       cut at stored     -> kept  (the transfer had already ended)
cut: every promise kept
