# natlab evidence: ipv6-turn-long
# commit:    47364fb2f362bc8bb234ce996c110b8ea20e1ed9
# binaries:  5e148638cfc6000a sharp-sender, 952411569419b74c sharp-receiver
# date:      2026-09-29T20:41:19Z
# kernel:    Linux 7.0.0-34-generic (a QEMU virtual machine, emulated CPU; IPv6 on)
# nftables:  nftables v1.0.9 (Old Doc Yak #3)
# miniupnpd: miniupnpd 2.3.4 Jan 10 2024
# coturn:    4.6.1
# python:    Python 3.12.3
# env:       NATLAB_SIZE_MB=60 NATLAB_MAX_RATE=20M (twice CI's 30 MB: the emulated CPU is slow)
# command:   python3 /lab/natlab.py v6 --via turn --timeout 150 -v

scenario                                       A firewall   B firewall   result
IPv6 only                                      open6        open6        ok   direct-v6     27.4s as expected
IPv6 only                                      open6        stateful6    ok   direct-v6 (from turn)  31.0s as expected
IPv6 only                                      open6        restricted6  ok   direct-v6 (from turn)  28.0s as expected
IPv6 only                                      stateful6    open6        ok   direct-v6     28.1s as expected
IPv6 only                                      stateful6    stateful6    ok   direct-v6     35.0s as expected
IPv6 only                                      stateful6    restricted6  ok   direct-v6 (from turn)  30.1s as expected
IPv6 only                                      restricted6  open6        ok   direct-v6 (from turn)  31.5s as expected
IPv6 only                                      restricted6  stateful6    ok   direct-v6 (from turn)  32.2s as expected
IPv6 only                                      restricted6  restricted6  ok   direct-v6 (from turn)  29.9s as expected
dual stack, both IPv4 NATs symmetric-random    open6        open6        ok   direct-v6     27.0s as expected
dual stack, both IPv4 NATs symmetric-random    open6        stateful6    ok   direct-v6 (from turn)  32.7s as expected
dual stack, both IPv4 NATs symmetric-random    open6        restricted6  ok   direct-v6 (from turn)  29.7s as expected
dual stack, both IPv4 NATs symmetric-random    stateful6    open6        ok   direct-v6     27.3s as expected
dual stack, both IPv4 NATs symmetric-random    stateful6    stateful6    ok   direct-v6 (from turn)  34.5s as expected
dual stack, both IPv4 NATs symmetric-random    stateful6    restricted6  ok   direct-v6 (from turn)  29.3s as expected
dual stack, both IPv4 NATs symmetric-random    restricted6  open6        ok   direct-v6     28.0s as expected
dual stack, both IPv4 NATs symmetric-random    restricted6  stateful6    ok   direct-v6 (from turn)  34.1s as expected
dual stack, both IPv4 NATs symmetric-random    restricted6  restricted6  ok   direct-v6 (from turn)  28.0s as expected

18 of 18 as they must be

# exit status: 0
