# natlab evidence: ipv6-dht
# commit:    47364fb2f362bc8bb234ce996c110b8ea20e1ed9
# binaries:  5e148638cfc6000a sharp-sender, 952411569419b74c sharp-receiver
# date:      2026-09-29T20:34:29Z
# kernel:    Linux 7.0.0-34-generic (a QEMU virtual machine, emulated CPU; IPv6 on)
# nftables:  nftables v1.0.9 (Old Doc Yak #3)
# miniupnpd: miniupnpd 2.3.4 Jan 10 2024
# coturn:    4.6.1
# python:    Python 3.12.3
# env:       
# command:   python3 /lab/natlab.py v6 --via dht --timeout 60 -v

scenario                                       A firewall   B firewall   result
IPv6 only                                      open6        open6        ok   direct-v6      1.0s as expected
IPv6 only                                      open6        stateful6    ok   direct-v6      2.7s as expected
IPv6 only                                      open6        restricted6  ok   direct-v6      1.6s as expected
IPv6 only                                      stateful6    open6        ok   direct-v6      1.1s as expected
IPv6 only                                      stateful6    stateful6    ok   direct-v6      2.6s as expected
IPv6 only                                      stateful6    restricted6  ok   direct-v6      1.5s as expected
IPv6 only                                      restricted6  open6        ok   direct-v6      1.0s as expected
IPv6 only                                      restricted6  stateful6    ok   direct-v6      2.6s as expected
IPv6 only                                      restricted6  restricted6  ok   direct-v6      1.4s as expected
dual stack, both IPv4 NATs symmetric-random    open6        open6        ok   direct-v6      1.0s as expected
dual stack, both IPv4 NATs symmetric-random    open6        stateful6    ok   direct-v6      4.5s as expected
dual stack, both IPv4 NATs symmetric-random    open6        restricted6  ok   direct-v6      3.6s as expected
dual stack, both IPv4 NATs symmetric-random    stateful6    open6        ok   direct-v6      1.3s as expected
dual stack, both IPv4 NATs symmetric-random    stateful6    stateful6    ok   direct-v6      4.7s as expected
dual stack, both IPv4 NATs symmetric-random    stateful6    restricted6  ok   direct-v6      3.8s as expected
dual stack, both IPv4 NATs symmetric-random    restricted6  open6        ok   direct-v6      1.2s as expected
dual stack, both IPv4 NATs symmetric-random    restricted6  stateful6    ok   direct-v6      4.5s as expected
dual stack, both IPv4 NATs symmetric-random    restricted6  restricted6  ok   direct-v6      4.6s as expected

18 of 18 as they must be

# exit status: 0
