# natlab evidence: matrix-relay-carries-long
# commit:    47364fb2f362bc8bb234ce996c110b8ea20e1ed9
# binaries:  5e148638cfc6000a sharp-sender, 952411569419b74c sharp-receiver
# date:      2026-09-29T20:08:25Z
# kernel:    Linux 6.18.44-fc-v37 (a container; IPv6 disabled in its kernel)
# nftables:  nftables v1.0.9 (Old Doc Yak #3)
# miniupnpd: miniupnpd 2.3.4 Jan 10 2024
# coturn:    4.6.1
# python:    Python 3.11.15
# env:       NATLAB_SIZE_MB=30 NATLAB_MAX_RATE=20M
# command:   python3 scripts/natlab/natlab.py matrix --timeout 90 -v

sender behind      receiver behind    result                         verdict
open               open               ok   direct(11.2.1.2)  12.8s   as expected
open               full_cone          ok   direct-via-nat    12.8s   as expected
open               restricted         ok   direct-via-nat    12.8s   as expected
open               port_restricted    ok   direct-via-nat    12.8s   as expected
open               symmetric_seq      ok   direct-via-nat    12.8s   as expected
open               symmetric_random   ok   direct-via-nat    12.8s   as expected
full_cone          open               ok   direct(11.2.1.2)  12.6s   as expected
full_cone          full_cone          ok   direct-via-nat    12.8s   as expected
full_cone          restricted         ok   direct-via-nat    12.8s   as expected
full_cone          port_restricted    ok   direct-via-nat    12.8s   as expected
full_cone          symmetric_seq      ok   direct-via-nat    12.8s   as expected
full_cone          symmetric_random   ok   direct-via-nat    12.8s   as expected
restricted         open               ok   direct(11.2.1.2)  12.8s   as expected
restricted         full_cone          ok   direct-via-nat    12.8s   as expected
restricted         restricted         ok   direct-via-nat    12.8s   as expected
restricted         port_restricted    ok   direct-via-nat    12.6s   as expected
restricted         symmetric_seq      ok   direct-via-nat    12.8s   as expected
restricted         symmetric_random   ok   direct-via-nat    12.8s   as expected
port_restricted    open               ok   direct(11.2.1.2)  12.8s   as expected
port_restricted    full_cone          ok   direct-via-nat    12.8s   as expected
port_restricted    restricted         ok   direct-via-nat    12.8s   as expected
port_restricted    port_restricted    ok   direct-via-nat    12.8s   as expected
port_restricted    symmetric_seq      ok   direct-via-nat    12.8s   as expected
port_restricted    symmetric_random   ok   direct-via-nat    12.8s   as expected
symmetric_seq      open               ok   direct(11.2.1.2)  12.8s   as expected
symmetric_seq      full_cone          ok   direct-via-nat    12.8s   as expected
symmetric_seq      restricted         ok   direct-via-nat    12.8s   as expected
symmetric_seq      port_restricted    ok   direct-via-nat    12.8s   as expected
symmetric_seq      symmetric_seq      ok   relay             13.2s   as expected
symmetric_seq      symmetric_random   ok   relay             13.0s   as expected
symmetric_random   open               ok   direct(11.2.1.2)  12.8s   as expected
symmetric_random   full_cone          ok   direct-via-nat    12.8s   as expected
symmetric_random   restricted         ok   direct-via-nat    12.8s   as expected
symmetric_random   port_restricted    ok   direct-via-nat    12.8s   as expected
symmetric_random   symmetric_seq      ok   relay             13.4s   as expected
symmetric_random   symmetric_random   ok   relay             13.0s   as expected

36 of 36 pairs connected: 32 directly, 4 through a relay or TURN server
36 of 36 as the theory says they must

# exit status: 0
