# natlab evidence: matrix-dht
# commit:    8e1fc0c875f106844679c468fd746ef9ba44c146
# binaries:  5e148638cfc6000a sharp-sender, 952411569419b74c sharp-receiver
# date:      2026-09-29T20:35:03Z
# kernel:    Linux 6.18.44-fc-v37 (a container; IPv6 disabled in its kernel)
# nftables:  nftables v1.0.9 (Old Doc Yak #3)
# miniupnpd: miniupnpd 2.3.4 Jan 10 2024
# coturn:    4.6.1
# python:    Python 3.11.15
# env:       
# command:   python3 scripts/natlab/natlab.py matrix --via dht --timeout 60 -v

sender behind      receiver behind    result                         verdict
open               open               ok   direct(11.2.1.2)   0.1s   as expected
open               full_cone          ok   direct-via-nat     0.1s   as expected
open               restricted         ok   direct-via-nat     1.9s   as expected
open               port_restricted    ok   direct-via-nat     2.9s   as expected
open               symmetric_seq      ok   direct-via-nat     1.9s   as expected
open               symmetric_random   ok   direct-via-nat     2.1s   as expected
full_cone          open               ok   direct(11.2.1.2)   0.3s   as expected
full_cone          full_cone          ok   direct-via-nat     0.1s   as expected
full_cone          restricted         ok   direct-via-nat     1.9s   as expected
full_cone          port_restricted    ok   direct-via-nat     2.9s   as expected
full_cone          symmetric_seq      ok   direct-via-nat     1.9s   as expected
full_cone          symmetric_random   ok   direct-via-nat     2.0s   as expected
restricted         open               ok   direct(11.2.1.2)   0.3s   as expected
restricted         full_cone          ok   direct-via-nat     0.1s   as expected
restricted         restricted         ok   direct-via-nat     1.9s   as expected
restricted         port_restricted    ok   direct-via-nat     2.9s   as expected
restricted         symmetric_seq      ok   direct-via-nat     1.9s   as expected
restricted         symmetric_random   ok   direct-via-nat     2.1s   as expected
port_restricted    open               ok   direct(11.2.1.2)   0.1s   as expected
port_restricted    full_cone          ok   direct-via-nat     0.1s   as expected
port_restricted    restricted         ok   direct-via-nat     1.9s   as expected
port_restricted    port_restricted    ok   direct-via-nat     2.9s   as expected
port_restricted    symmetric_seq      ok   direct-via-nat    11.9s   as expected
port_restricted    symmetric_random   ok   direct-via-nat    20.2s   as expected
symmetric_seq      open               ok   direct(11.2.1.2)   0.1s   as expected
symmetric_seq      full_cone          ok   direct-via-nat     0.1s   as expected
symmetric_seq      restricted         ok   direct-via-nat     2.1s   as expected
symmetric_seq      port_restricted    ok   direct-via-nat    12.8s   as expected
symmetric_seq      symmetric_seq      FAIL none              60.0s   as expected
symmetric_seq      symmetric_random   FAIL none              60.0s   as expected
symmetric_random   open               ok   direct(11.2.1.2)   0.1s   as expected
symmetric_random   full_cone          ok   direct-via-nat     0.1s   as expected
symmetric_random   restricted         ok   direct-via-nat     3.8s   as expected
symmetric_random   port_restricted    ok   direct-via-nat    23.0s   as expected
symmetric_random   symmetric_seq      FAIL none              60.0s   as expected
symmetric_random   symmetric_random   FAIL none              60.0s   as expected

32 of 36 pairs connected: 32 directly, 0 through a relay or TURN server
36 of 36 as the theory says they must

# exit status: 0
