# natlab evidence: matrix-isolated-relay
# commit:    8e1fc0c875f106844679c468fd746ef9ba44c146
# binaries:  5e148638cfc6000a sharp-sender, 952411569419b74c sharp-receiver
# date:      2026-09-29T20:53:11Z
# kernel:    Linux 6.18.44-fc-v37 (a container; IPv6 disabled in its kernel)
# nftables:  nftables v1.0.9 (Old Doc Yak #3)
# miniupnpd: miniupnpd 2.3.4 Jan 10 2024
# coturn:    4.6.1
# python:    Python 3.11.15
# env:       
# command:   python3 scripts/natlab/natlab.py matrix --isolate -v

sender behind      receiver behind    result                         verdict
open               open               ok   relay              1.8s   as expected
open               full_cone          ok   relay              2.2s   as expected
open               restricted         ok   relay              2.0s   as expected
open               port_restricted    ok   relay              2.2s   as expected
open               symmetric_seq      ok   relay              2.0s   as expected
open               symmetric_random   ok   relay              2.6s   as expected
full_cone          open               ok   relay              2.2s   as expected
full_cone          full_cone          ok   relay              2.0s   as expected
full_cone          restricted         ok   relay              2.2s   as expected
full_cone          port_restricted    ok   relay              2.0s   as expected
full_cone          symmetric_seq      ok   relay              2.6s   as expected
full_cone          symmetric_random   ok   relay              2.2s   as expected
restricted         open               ok   relay              2.0s   as expected
restricted         full_cone          ok   relay              2.0s   as expected
restricted         restricted         ok   relay              2.0s   as expected
restricted         port_restricted    ok   relay              2.4s   as expected
restricted         symmetric_seq      ok   relay              2.2s   as expected
restricted         symmetric_random   ok   relay              2.2s   as expected
port_restricted    open               ok   relay              2.2s   as expected
port_restricted    full_cone          ok   relay              1.8s   as expected
port_restricted    restricted         ok   relay              2.0s   as expected
port_restricted    port_restricted    ok   relay              2.4s   as expected
port_restricted    symmetric_seq      ok   relay              1.8s   as expected
port_restricted    symmetric_random   ok   relay              2.2s   as expected
symmetric_seq      open               ok   relay              1.8s   as expected
symmetric_seq      full_cone          ok   relay              2.2s   as expected
symmetric_seq      restricted         ok   relay              2.2s   as expected
symmetric_seq      port_restricted    ok   relay              2.4s   as expected
symmetric_seq      symmetric_seq      ok   relay              2.4s   as expected
symmetric_seq      symmetric_random   ok   relay              2.4s   as expected
symmetric_random   open               ok   relay              2.0s   as expected
symmetric_random   full_cone          ok   relay              1.8s   as expected
symmetric_random   restricted         ok   relay              2.2s   as expected
symmetric_random   port_restricted    ok   relay              2.4s   as expected
symmetric_random   symmetric_seq      ok   relay              2.2s   as expected
symmetric_random   symmetric_random   ok   relay              2.6s   as expected

36 of 36 pairs connected: 0 directly, 36 through a relay or TURN server
36 of 36 as the theory says they must

# exit status: 0
