# natlab evidence: matrix-isolated-turn
# commit:    8e1fc0c875f106844679c468fd746ef9ba44c146
# binaries:  5e148638cfc6000a sharp-sender, 952411569419b74c sharp-receiver
# date:      2026-09-29T20:56:08Z
# kernel:    Linux 6.18.44-fc-v37 (a container; IPv6 disabled in its kernel)
# nftables:  nftables v1.0.9 (Old Doc Yak #3)
# miniupnpd: miniupnpd 2.3.4 Jan 10 2024
# coturn:    4.6.1
# python:    Python 3.11.15
# env:       NATLAB_SIZE_MB=20
# command:   python3 scripts/natlab/natlab.py matrix --via turn --isolate --timeout 60 -v

sender behind      receiver behind    result                         verdict
open               open               ok   turn               2.7s   as expected
open               full_cone          ok   turn               2.7s   as expected
open               restricted         ok   turn               2.7s   as expected
open               port_restricted    ok   turn               3.3s   as expected
open               symmetric_seq      ok   turn               3.5s   as expected
open               symmetric_random   ok   turn               3.5s   as expected
full_cone          open               ok   turn               3.1s   as expected
full_cone          full_cone          ok   turn               3.1s   as expected
full_cone          restricted         ok   turn               3.1s   as expected
full_cone          port_restricted    ok   turn               3.9s   as expected
full_cone          symmetric_seq      ok   turn               3.9s   as expected
full_cone          symmetric_random   ok   turn               3.7s   as expected
restricted         open               ok   turn               1.3s   as expected
restricted         full_cone          ok   turn               1.5s   as expected
restricted         restricted         ok   turn               1.5s   as expected
restricted         port_restricted    ok   turn               4.9s   as expected
restricted         symmetric_seq      ok   turn               4.9s   as expected
restricted         symmetric_random   ok   turn               4.9s   as expected
port_restricted    open               ok   turn               0.9s   as expected
port_restricted    full_cone          ok   turn               1.3s   as expected
port_restricted    restricted         ok   turn               1.1s   as expected
port_restricted    port_restricted    ok   turn               5.9s   as expected
port_restricted    symmetric_seq      ok   turn               5.9s   as expected
port_restricted    symmetric_random   ok   turn               5.9s   as expected
symmetric_seq      open               ok   turn               1.1s   as expected
symmetric_seq      full_cone          ok   turn               1.5s   as expected
symmetric_seq      restricted         ok   turn               1.5s   as expected
symmetric_seq      port_restricted    ok   turn               4.9s   as expected
symmetric_seq      symmetric_seq      ok   turn               4.7s   as expected
symmetric_seq      symmetric_random   ok   turn               4.9s   as expected
symmetric_random   open               ok   turn               1.3s   as expected
symmetric_random   full_cone          ok   turn               1.3s   as expected
symmetric_random   restricted         ok   turn               1.3s   as expected
symmetric_random   port_restricted    ok   turn               4.9s   as expected
symmetric_random   symmetric_seq      ok   turn               4.9s   as expected
symmetric_random   symmetric_random   ok   turn               4.9s   as expected

36 of 36 pairs connected: 0 directly, 36 through a relay or TURN server
36 of 36 as the theory says they must

# exit status: 0
