# natlab evidence: probe-all-addresses
# commit:    8e1fc0c875f106844679c468fd746ef9ba44c146
# binaries:  5e148638cfc6000a sharp-sender, 952411569419b74c sharp-receiver
# date:      2026-09-29T21:16:33Z
# kernel:    Linux 6.18.44-fc-v37 (a container; IPv6 disabled in its kernel)
# nftables:  nftables v1.0.9 (Old Doc Yak #3)
# miniupnpd: miniupnpd 2.3.4 Jan 10 2024
# coturn:    4.6.1
# python:    Python 3.11.15
# env:       
# command:   python3 scripts/natlab/natlab.py probe --all --addr --wait 45

host A behind      host B behind      punch test                                   what each host said of its network
open               open               a packet got through both ways   as expected both true
open               full_cone          a packet got through both ways   as expected both true
open               restricted         a packet got through both ways   as expected both true
open               port_restricted    a packet got through both ways   as expected both true
open               symmetric_seq      a packet got through both ways   as expected both true
open               symmetric_random   a packet got through both ways   as expected both true
full_cone          open               a packet got through both ways   as expected both true
full_cone          full_cone          a packet got through both ways   as expected both true
full_cone          restricted         a packet got through both ways   as expected both true
full_cone          port_restricted    a packet got through both ways   as expected both true
full_cone          symmetric_seq      a packet got through both ways   as expected both true
full_cone          symmetric_random   a packet got through both ways   as expected both true
restricted         open               a packet got through both ways   as expected both true
restricted         full_cone          a packet got through both ways   as expected both true
restricted         restricted         a packet got through both ways   as expected both true
restricted         port_restricted    a packet got through both ways   as expected both true
restricted         symmetric_seq      a packet got through both ways   as expected both true
restricted         symmetric_random   a packet got through both ways   as expected both true
port_restricted    open               a packet got through both ways   as expected both true
port_restricted    full_cone          a packet got through both ways   as expected both true
port_restricted    restricted         a packet got through both ways   as expected both true
port_restricted    port_restricted    a packet got through both ways   as expected both true
port_restricted    symmetric_seq      a packet got through both ways   as expected both true
port_restricted    symmetric_random   a packet got through both ways   as expected both true
symmetric_seq      open               a packet got through both ways   as expected both true
symmetric_seq      full_cone          a packet got through both ways   as expected both true
symmetric_seq      restricted         a packet got through both ways   as expected both true
symmetric_seq      port_restricted    a packet got through both ways   as expected both true
symmetric_seq      symmetric_seq      nothing got through              as expected both true
symmetric_seq      symmetric_random   nothing got through              as expected both true
symmetric_random   open               a packet got through both ways   as expected both true
symmetric_random   full_cone          a packet got through both ways   as expected both true
symmetric_random   restricted         a packet got through both ways   as expected both true
symmetric_random   port_restricted    a packet got through both ways   as expected both true
symmetric_random   symmetric_seq      nothing got through              as expected both true
symmetric_random   symmetric_random   nothing got through              as expected both true

36 of 36 as the theory says they must
72 of 72 reports of a host's own network true to the laboratory

# exit status: 0
