# natlab evidence: probe-v6-addresses
# commit:    47364fb2f362bc8bb234ce996c110b8ea20e1ed9
# binaries:  5e148638cfc6000a sharp-sender, 952411569419b74c sharp-receiver
# date:      2026-09-29T21:27:39Z
# kernel:    Linux 7.0.0-34-generic (a QEMU virtual machine, emulated CPU; IPv6 on)
# nftables:  nftables v1.0.9 (Old Doc Yak #3)
# miniupnpd: miniupnpd 2.3.4 Jan 10 2024
# coturn:    4.6.1
# python:    Python 3.12.3
# env:       
# command:   python3 /lab/natlab.py probe --v6 --addr --wait 45

scenario                                       A firewall   B firewall   punch test                                   what each host said of its network
IPv6 only                                      open6        open6        a packet got through both ways   as expected both true
IPv6 only                                      open6        stateful6    a packet got through both ways   as expected both true
IPv6 only                                      open6        restricted6  a packet got through both ways   as expected both true
IPv6 only                                      stateful6    open6        a packet got through both ways   as expected both true
IPv6 only                                      stateful6    stateful6    a packet got through both ways   as expected both true
IPv6 only                                      stateful6    restricted6  a packet got through both ways   as expected both true
IPv6 only                                      restricted6  open6        a packet got through both ways   as expected both true
IPv6 only                                      restricted6  stateful6    a packet got through both ways   as expected both true
IPv6 only                                      restricted6  restricted6  a packet got through both ways   as expected both true
dual stack, both IPv4 NATs symmetric-random    open6        open6        a packet got through both ways   as expected both true
dual stack, both IPv4 NATs symmetric-random    open6        stateful6    a packet got through both ways   as expected both true
dual stack, both IPv4 NATs symmetric-random    open6        restricted6  a packet got through both ways   as expected both true
dual stack, both IPv4 NATs symmetric-random    stateful6    open6        a packet got through both ways   as expected both true
dual stack, both IPv4 NATs symmetric-random    stateful6    stateful6    a packet got through both ways   as expected both true
dual stack, both IPv4 NATs symmetric-random    stateful6    restricted6  a packet got through both ways   as expected both true
dual stack, both IPv4 NATs symmetric-random    restricted6  open6        a packet got through both ways   as expected both true
dual stack, both IPv4 NATs symmetric-random    restricted6  stateful6    a packet got through both ways   as expected both true
dual stack, both IPv4 NATs symmetric-random    restricted6  restricted6  a packet got through both ways   as expected both true

18 of 18 as they must be
36 of 36 reports of a host's own network true to the laboratory

# exit status: 0
