# natlab evidence: matrix-addresses (version 4: receivers print sh4- IDs, senders speak version 4)
# code:      the commit this log is in (run on its working tree)
# binaries:  debug, --no-default-features --features nat-traversal, built from this code before DHT addresses had to be vouched for to become handshake candidates (a change to the DHT paths alone; that build's hashes were not kept)
# date:      2026-09-30T08:52:12Z (the run ended)
# kernel:    Linux 6.19.2-gentoo-dist
# nftables:  nftables v1.1.6 (Commodore Bullmoose #7)
# command:   scripts/natlab/natlab.py matrix --via addr

sender behind      receiver behind    result                         verdict
open               open               ok   direct(11.2.1.2)   0.2s   as expected
open               full_cone          ok   direct-via-nat     0.2s   as expected
open               restricted         ok   direct-via-nat     2.4s   as expected
open               port_restricted    ok   direct-via-nat     2.4s   as expected
open               symmetric_seq      ok   direct-via-nat     2.4s   as expected
open               symmetric_random   ok   direct-via-nat     2.4s   as expected
full_cone          open               ok   direct(11.2.1.2)   0.2s   as expected
full_cone          full_cone          ok   direct-via-nat     0.2s   as expected
full_cone          restricted         ok   direct-via-nat     3.4s   as expected
full_cone          port_restricted    ok   direct-via-nat     3.4s   as expected
full_cone          symmetric_seq      ok   direct-via-nat     3.4s   as expected
full_cone          symmetric_random   ok   direct-via-nat     3.4s   as expected
restricted         open               ok   direct(11.2.1.2)   0.2s   as expected
restricted         full_cone          ok   direct-via-nat     0.2s   as expected
restricted         restricted         ok   direct-via-nat     4.4s   as expected
restricted         port_restricted    ok   direct-via-nat     4.4s   as expected
restricted         symmetric_seq      ok   direct-via-nat     4.4s   as expected
restricted         symmetric_random   ok   direct-via-nat     4.4s   as expected
port_restricted    open               ok   direct(11.2.1.2)   0.2s   as expected
port_restricted    full_cone          ok   direct-via-nat     0.2s   as expected
port_restricted    restricted         ok   direct-via-nat     5.4s   as expected
port_restricted    port_restricted    ok   direct-via-nat     5.4s   as expected
port_restricted    symmetric_seq      ok   direct-via-nat    10.4s   as expected
port_restricted    symmetric_random   ok   direct-via-nat    20.2s   as expected
symmetric_seq      open               ok   direct(11.2.1.2)   0.2s   as expected
symmetric_seq      full_cone          ok   direct-via-nat     0.2s   as expected
symmetric_seq      restricted         ok   direct-via-nat     4.4s   as expected
symmetric_seq      port_restricted    ok   direct-via-nat    14.4s   as expected
symmetric_seq      symmetric_seq      FAIL none              34.2s   as expected
symmetric_seq      symmetric_random   FAIL none              34.2s   as expected
symmetric_random   open               ok   direct(11.2.1.2)   0.2s   as expected
symmetric_random   full_cone          ok   direct-via-nat     0.2s   as expected
symmetric_random   restricted         ok   direct-via-nat     4.4s   as expected
symmetric_random   port_restricted    ok   direct-via-nat    24.6s   as expected
symmetric_random   symmetric_seq      FAIL none              34.2s   as expected
symmetric_random   symmetric_random   FAIL none              34.2s   as expected

32 of 36 pairs connected: 32 directly, 0 through a relay or TURN server
36 of 36 as the theory says they must
