# sender's network: open; IPv6; 0.4 s; UDP

## sender
2026-10-02T04:27:03.286317Z  INFO sharp256::transport::sender: relay [2a0e:aa00:33::2]:5560 says the receiver is at [2a0e:aa00:32::2]:5555, and will carry the transfer on [2a0e:aa00:33::2]:60609
Connected to [2a0e:aa00:32::2]:5555 (encrypted, AES-256-GCM; chunk 1407 B)
2026-10-02T04:27:03.578777Z  INFO sharp256::transport::sender: receiver reported completion; whole-file hash matches

## receiver
2026-10-02T04:27:03.023852Z  INFO sharp256::transport::receiver: receiver also takes senders over TCP at [::]:5555
2026-10-02T04:27:03.095239Z  INFO sharp256::relay::client: relay [2a0e:aa00:33::2]:5560 reached; it sees us at [2a0e:aa00:32::2]:5555
2026-10-02T04:27:03.095269Z  INFO sharp256::transport::receiver: registered with the relay at [2a0e:aa00:33::2]:5560 (it sees us at [2a0e:aa00:32::2]:5555); senders reach us through it with --relay [2a0e:aa00:33::2]:5560
Relay:       registered with [2a0e:aa00:33::2]:5560; senders can add --relay [2a0e:aa00:33::2]:5560
2026-10-02T04:27:03.286318Z  INFO sharp256::relay::client: relay [2a0e:aa00:33::2]:5560 is introducing [2a0e:aa00:31::2]:60298

## relay
Receivers: --relay sh-qfk35ibpsldwqwasljdhpn36m6xhine2vpbk3d4gdhoygkvzwz5mv265@<this host>:5560
Senders:   --relay <this host>:5560
Serving:   ANY receiver that proves its identity. Anyone may use this relay as their rendezvous and have transfers carried on this host's bandwidth; limit it with --allow-receiver or --allowed-receivers
2026-10-02T04:27:02.821735Z  INFO sharp256::relay::server: relay listening on [::]:5560
2026-10-02T04:27:02.821745Z  INFO sharp256::relay::server: relay takes clients over TCP at [::]:5560
2026-10-02T04:27:02.821751Z  INFO sharp256::relay::server: relay takes clients over TLS at [::]:443
2026-10-02T04:27:03.085085Z  INFO sharp256::relay::server: relay: sh-adde5b43… registered at [2a0e:aa00:32::2]:5555
2026-10-02T04:27:03.276214Z  INFO sharp256::relay::server: relay: port 60609 carries [2a0e:aa00:31::2]:60298 <-> [2a0e:aa00:32::2]:5555 (sh-adde5b43…)
