# sender's network: udp_cut; IPv6; 7.6 s; UDP, then TCP

## sender
Connected to [2a0e:aa00:32::2]:5555 (encrypted, AES-256-GCM; chunk 1407 B)
2026-10-01T23:01:17.400901Z  INFO sharp256::transport::sender: relay [2a0e:aa00:33::2]:5560 says the receiver is at [2a0e:aa00:32::2]:5555, and will carry the transfer on [2a0e:aa00:33::2]:37306
2026-10-01T23:01:18.289247Z  WARN sharp256::transport::sender: full-size packets are lost while small ones get through (MTU black hole?): reducing chunk 1407 -> 1187
2026-10-01T23:01:19.492229Z  WARN sharp256::transport::sender: full-size packets are lost while small ones get through (MTU black hole?): reducing chunk 1187 -> 593
2026-10-01T23:01:20.904058Z  INFO sharp256::transport::sender: the receiver has gone quiet over UDP; trying the receiver over TCP as well
2026-10-01T23:01:20.904149Z  INFO sharp256::transport::carrier::dial: trying the receiver over TCP at [[2a0e:aa00:32::2]:5555]
2026-10-01T23:01:20.944491Z  INFO sharp256::transport::carrier::dial: the receiver answers over TCP at [2a0e:aa00:32::2]:5555; carried from 127.0.0.1:48688
2026-10-01T23:01:20.944574Z  INFO sharp256::transport::sender: relay [2a0e:aa00:33::2]:5560 reached over TCP at [2a0e:aa00:33::2]:5560
2026-10-01T23:01:20.969527Z  INFO sharp256::transport::sender: the session runs over TCP now ([2a0e:aa00:32::2]:5555 -> [::ffff:127.0.0.1]:48688)
2026-10-01T23:01:20.985276Z  INFO sharp256::transport::sender: relay [2a0e:aa00:33::2]:5560 will carry the transfer on its port 35303, over TCP; carried from 127.0.0.1:38062
2026-10-01T23:01:23.705182Z  INFO sharp256::transport::sender: receiver reported completion; whole-file hash matches

## receiver
2026-10-01T23:01:16.067041Z  INFO sharp256::transport::receiver: receiver also takes senders over TCP at [::]:5555
2026-10-01T23:01:16.139118Z  INFO sharp256::relay::client: relay [2a0e:aa00:33::2]:5560 reached; it sees us at [2a0e:aa00:32::2]:5555
2026-10-01T23:01:16.139188Z  INFO sharp256::transport::receiver: registered with the relay at [2a0e:aa00:33::2]:5560 (it sees us at [2a0e:aa00:32::2]:5555); senders reach us through it with --relay [2a0e:aa00:33::2]:5560
Relay:       registered with [2a0e:aa00:33::2]:5560; senders can add --relay [2a0e:aa00:33::2]:5560
2026-10-01T23:01:17.400906Z  INFO sharp256::relay::client: relay [2a0e:aa00:33::2]:5560 is introducing [2a0e:aa00:31::2]:40661
2026-10-01T23:01:20.985254Z  INFO sharp256::relay::client: relay [2a0e:aa00:33::2]:5560 is introducing [::]:0
2026-10-01T23:01:21.022670Z  INFO sharp256::transport::receiver: sender address [2a0e:aa00:31::2]:47526 proven; moving the session there

## relay
Receivers: --relay sh-26ofxbx2ypwzwd54am7evtyf4obi3qoo5ue32tvg5wolddgcw4zfh7rj@<this host>:5560
Senders:   --relay <this host>:5560
Serving:   ANY receiver that proves its identity. Anyone may use this relay as their rendezvous and have transfers carried on this host's bandwidth; limit it with --allow-receiver or --allowed-receivers
2026-10-01T23:01:15.864527Z  INFO sharp256::relay::server: relay listening on [::]:5560
2026-10-01T23:01:15.864541Z  INFO sharp256::relay::server: relay takes clients over TCP at [::]:5560
2026-10-01T23:01:15.864549Z  INFO sharp256::relay::server: relay takes clients over TLS at [::]:443
2026-10-01T23:01:16.128648Z  INFO sharp256::relay::server: relay: sh-6kdxgrn5… registered at [2a0e:aa00:32::2]:5555
2026-10-01T23:01:17.390829Z  INFO sharp256::relay::server: relay: port 37306 carries [2a0e:aa00:31::2]:40661 <-> [2a0e:aa00:32::2]:5555 (sh-6kdxgrn5…)
2026-10-01T23:01:20.975169Z  INFO sharp256::relay::server: relay: port 35303 carries [2a0e:aa00:31::2]:53246 <-> [2a0e:aa00:32::2]:5555 (sh-6kdxgrn5…)
