# sender's network: udp_policed; IPv6; 17.2 s; UDP, then TCP (held back)

## sender
Connected to [2a0e:aa00:32::2]:5555 (encrypted, AES-256-GCM; chunk 1407 B)
2026-10-01T23:01:44.265810Z  INFO sharp256::transport::sender: relay [2a0e:aa00:33::2]:5560 says the receiver is at [2a0e:aa00:32::2]:5555, and will carry the transfer on [2a0e:aa00:33::2]:40779
2026-10-01T23:01:48.258861Z  INFO sharp256::transport::sender: UDP carries 2.4 Mbit/s, 56% of it sent again; trying the receiver over TCP as well
2026-10-01T23:01:48.259098Z  INFO sharp256::transport::carrier::dial: trying the receiver over TCP at [[2a0e:aa00:32::2]:5555]
2026-10-01T23:01:48.299672Z  INFO sharp256::transport::carrier::dial: the receiver answers over TCP at [2a0e:aa00:32::2]:5555; carried from 127.0.0.1:49837
2026-10-01T23:01:48.299779Z  INFO sharp256::transport::sender: relay [2a0e:aa00:33::2]:5560 reached over TCP at [2a0e:aa00:33::2]:5560
2026-10-01T23:01:48.320293Z  INFO sharp256::transport::sender: receiver address [::ffff:127.0.0.1]:49837 proven; sending there now
2026-10-01T23:01:48.320311Z  INFO sharp256::transport::sender: the session runs over TCP now ([2a0e:aa00:32::2]:5555 -> [::ffff:127.0.0.1]:49837)
2026-10-01T23:01:48.340823Z  INFO sharp256::transport::sender: relay [2a0e:aa00:33::2]:5560 will carry the transfer on its port 47609, over TCP; carried from 127.0.0.1:45301
2026-10-01T23:01:58.335945Z  INFO sharp256::transport::sender: TCP carries 16.0 Mbit/s where UDP carried 2.4: UDP is held back; keeping to TCP for 120s
2026-10-01T23:02:00.150909Z  INFO sharp256::transport::sender: receiver reported completion; whole-file hash matches

## receiver
2026-10-01T23:01:42.897473Z  INFO sharp256::transport::receiver: receiver also takes senders over TCP at [::]:5555
2026-10-01T23:01:42.969368Z  INFO sharp256::relay::client: relay [2a0e:aa00:33::2]:5560 reached; it sees us at [2a0e:aa00:32::2]:5555
2026-10-01T23:01:42.969404Z  INFO sharp256::transport::receiver: registered with the relay at [2a0e:aa00:33::2]:5560 (it sees us at [2a0e:aa00:32::2]:5555); senders reach us through it with --relay [2a0e:aa00:33::2]:5560
Relay:       registered with [2a0e:aa00:33::2]:5560; senders can add --relay [2a0e:aa00:33::2]:5560
2026-10-01T23:01:44.265841Z  INFO sharp256::relay::client: relay [2a0e:aa00:33::2]:5560 is introducing [2a0e:aa00:31::2]:49790
2026-10-01T23:01:48.340833Z  INFO sharp256::relay::client: relay [2a0e:aa00:33::2]:5560 is introducing [::]:0
2026-10-01T23:01:53.252030Z  INFO sharp256::transport::receiver: sender claims address [2a0e:aa00:31::2]:35396 (was [2a0e:aa00:31::2]:49790); validating it
2026-10-01T23:01:53.272584Z  INFO sharp256::transport::receiver: sender address [2a0e:aa00:31::2]:35396 proven; moving the session there

## relay
Receivers: --relay sh-6drps7wou6tn6vaedpc7lqu7wnvf2syihnxxiia5f5ee4dddb5hj2o4t@<this host>:5560
Senders:   --relay <this host>:5560
Serving:   ANY receiver that proves its identity. Anyone may use this relay as their rendezvous and have transfers carried on this host's bandwidth; limit it with --allow-receiver or --allowed-receivers
2026-10-01T23:01:42.695248Z  INFO sharp256::relay::server: relay listening on [::]:5560
2026-10-01T23:01:42.695260Z  INFO sharp256::relay::server: relay takes clients over TCP at [::]:5560
2026-10-01T23:01:42.695268Z  INFO sharp256::relay::server: relay takes clients over TLS at [::]:443
2026-10-01T23:01:42.958998Z  INFO sharp256::relay::server: relay: sh-yhntwmkw… registered at [2a0e:aa00:32::2]:5555
2026-10-01T23:01:44.255699Z  INFO sharp256::relay::server: relay: port 40779 carries [2a0e:aa00:31::2]:49790 <-> [2a0e:aa00:32::2]:5555 (sh-yhntwmkw…)
2026-10-01T23:01:48.330615Z  INFO sharp256::relay::server: relay: port 47609 carries [2a0e:aa00:31::2]:57812 <-> [2a0e:aa00:32::2]:5555 (sh-yhntwmkw…)
